 Initialize the Swam Manager [Run this from swam01 server]

ifconfig eth0
docker swarm init --advertise-addr 142.93.214.57
Verify the Node status

docker node ls

Example
192.168.227.129

[root@ans_master ~]# docker swarm init --advertise-addr 192.168.227.129
Swarm initialized: current node (8bhgm2m6ze68hbqm4wx51kb58) is now a manager.

To add a worker to this swarm, run the following command:

    docker swarm join --token SWMTKN-1-1vav9z370syiw9xni36t6b3isb60j9u34m4t1eoapziz3gkt4z-dqdgms5ppl5m0t0lmzncsu0ef 192.168.227.129:2377

To add a manager to this swarm, run 'docker swarm join-token manager' and follow the instructions.

[root@ans_cli2 yum.repos.d]# docker swarm join --token SWMTKN-1-1vav9z370syiw9xni36t6b3isb60j9u34m4t1eoapziz3gkt4z-dqdgms5ppl5m0t0lmzncsu0ef 192.168.227.129:2377
This node joined a swarm as a worker.
[root@ans_cli2 yum.repos.d]#

[root@ans_cli2 yum.repos.d]# docker swarm join --token SWMTKN-1-1vav9z370syiw9xni36t6b3isb60j9u34m4t1eoapziz3gkt4z-dqdgms5ppl5m0t0lmzncsu0ef 192.168.227.129:2377
This node joined a swarm as a worker.
[root@ans_cli2 yum.repos.d]#

[root@ans_master yum.repos.d]# docker node ls
ID                            HOSTNAME     STATUS    AVAILABILITY   MANAGER STATUS   ENGINE VERSION
tabyx9huc2nzvv3wxhx9xxz1z     ans_cli2     Ready     Active                          20.10.17
d7f9ziqxd9vtw4qgbo5x97c40     ans_client   Ready     Active                          1.13.1
8bhgm2m6ze68hbqm4wx51kb58 *   ans_master   Ready     Active         Leader           20.10.8
[root@ans_master yum.repos.d]#


Create a new docker service:

docker service create --name webserver --replicas 1 nginx

Verify service status:

docker service ps webserver

[root@ans_master yum.repos.d]# docker service create --name webserver --replicas 1 nginx
olj2yv8tpt5snnwahiq5gh0vf
overall progress: 1 out of 1 tasks
1/1: running   [==================================================>]
verify: Service converged

[root@ans_master yum.repos.d]# docker service ls
ID             NAME        MODE         REPLICAS   IMAGE          PORTS
olj2yv8tpt5s   webserver   replicated   1/1        nginx:latest
[root@ans_master yum.repos.d]# docker service ps webserver
ID             NAME          IMAGE          NODE         DESIRED STATE   CURRENT STATE            ERROR     PORTS
wuhyo3446kdi   webserver.1   nginx:latest   ans_master   Running         Running 56 seconds ago
[root@ans_master yum.repos.d]#

[root@ans_master yum.repos.d]# docker service ps webserver
ID             NAME              IMAGE          NODE         DESIRED STATE   CURRENT STATE            ERROR                              PORTS
rc4oejisq19z   webserver.1       nginx:latest   ans_client   Running         Running 3 minutes ago
m9n5t64r1kzp    \_ webserver.1   nginx:latest   ans_master   Shutdown        Complete 3 minutes ago
qyz319ojl64p    \_ webserver.1   nginx:latest   ans_master   Shutdown        Complete 3 minutes ago
4ngrk1n0zgbj    \_ webserver.1   nginx:latest   ans_master   Shutdown        Complete 4 minutes ago
cjnd3q3rjn2e    \_ webserver.1   nginx:latest   ans_client   Shutdown        Failed 15 minutes ago    "No such container: webserver.â€¦"




